1780536440.762865 client started (76818): version 3.2a, socket /tmp/tmux-1000/default, protocol 8
1780536440.762879 on Linux 6.6.87.2-microsoft-standard-WSL2 #1 SMP PREEMPT_DYNAMIC Thu Jun  5 18:30:46 UTC 2025
1780536440.762898 using libevent 2.1.12-stable (poll); ncurses 6.3
1780536440.762905 flags are 0x18010000
1780536440.762906 socket is /tmp/tmux-1000/default
1780536440.762911 trying connect
1780536440.762919 connect failed: No such file or directory
1780536440.762923 lock file is /tmp/tmux-1000/default.lock
1780536440.763248 flock succeeded
1780536440.763279 got lock (6)
1780536440.763285 trying connect
1780536440.763292 connect failed: No such file or directory
1780536440.763430 add peer 0x62597540de10: 7 ((nil))
1780536440.763824 sending message 100 to peer 0x62597540de10 (4 bytes)
1780536440.763831 sending message 111 to peer 0x62597540de10 (8 bytes)
1780536440.763833 sending message 101 to peer 0x62597540de10 (15 bytes)
1780536440.763835 sending message 109 to peer 0x62597540de10 (4 bytes)
1780536440.763836 sending message 102 to peer 0x62597540de10 (12 bytes)
1780536440.763838 sending message 108 to peer 0x62597540de10 (53 bytes)
1780536440.763840 sending message 112 to peer 0x62597540de10 (58 bytes)
1780536440.763842 sending message 112 to peer 0x62597540de10 (5 bytes)
1780536440.763844 sending message 112 to peer 0x62597540de10 (5 bytes)
1780536440.763845 sending message 112 to peer 0x62597540de10 (6 bytes)
1780536440.763847 sending message 112 to peer 0x62597540de10 (6 bytes)
1780536440.763848 sending message 112 to peer 0x62597540de10 (11 bytes)
1780536440.763850 sending message 112 to peer 0x62597540de10 (10 bytes)
1780536440.763851 sending message 112 to peer 0x62597540de10 (13 bytes)
1780536440.763854 sending message 112 to peer 0x62597540de10 (14 bytes)
1780536440.763855 sending message 112 to peer 0x62597540de10 (19 bytes)
1780536440.763857 sending message 112 to peer 0x62597540de10 (11 bytes)
1780536440.763858 sending message 112 to peer 0x62597540de10 (10 bytes)
1780536440.763860 sending message 112 to peer 0x62597540de10 (15 bytes)
1780536440.763861 sending message 112 to peer 0x62597540de10 (21 bytes)
1780536440.763862 sending message 112 to peer 0x62597540de10 (13 bytes)
1780536440.763864 sending message 112 to peer 0x62597540de10 (7 bytes)
1780536440.763866 sending message 112 to peer 0x62597540de10 (13 bytes)
1780536440.763867 sending message 112 to peer 0x62597540de10 (7 bytes)
1780536440.763869 sending message 112 to peer 0x62597540de10 (13 bytes)
1780536440.763870 sending message 112 to peer 0x62597540de10 (9 bytes)
1780536440.763872 sending message 112 to peer 0x62597540de10 (21 bytes)
1780536440.763873 sending message 112 to peer 0x62597540de10 (13 bytes)
1780536440.763875 sending message 112 to peer 0x62597540de10 (9 bytes)
1780536440.763876 sending message 112 to peer 0x62597540de10 (16 bytes)
1780536440.763877 sending message 112 to peer 0x62597540de10 (13 bytes)
1780536440.763879 sending message 112 to peer 0x62597540de10 (9 bytes)
1780536440.763880 sending message 112 to peer 0x62597540de10 (9 bytes)
1780536440.763882 sending message 112 to peer 0x62597540de10 (12 bytes)
1780536440.763883 sending message 112 to peer 0x62597540de10 (8 bytes)
1780536440.763885 sending message 112 to peer 0x62597540de10 (8 bytes)
1780536440.763887 sending message 112 to peer 0x62597540de10 (13 bytes)
1780536440.763888 sending message 112 to peer 0x62597540de10 (7 bytes)
1780536440.763890 sending message 112 to peer 0x62597540de10 (7 bytes)
1780536440.763891 sending message 112 to peer 0x62597540de10 (9 bytes)
1780536440.763893 sending message 112 to peer 0x62597540de10 (9 bytes)
1780536440.763894 sending message 112 to peer 0x62597540de10 (15 bytes)
1780536440.763896 sending message 112 to peer 0x62597540de10 (13 bytes)
1780536440.763898 sending message 112 to peer 0x62597540de10 (12 bytes)
1780536440.763900 sending message 112 to peer 0x62597540de10 (8 bytes)
1780536440.763901 sending message 112 to peer 0x62597540de10 (14 bytes)
1780536440.763903 sending message 112 to peer 0x62597540de10 (11 bytes)
1780536440.763904 sending message 112 to peer 0x62597540de10 (9 bytes)
1780536440.763911 sending message 112 to peer 0x62597540de10 (10 bytes)
1780536440.763912 sending message 112 to peer 0x62597540de10 (10 bytes)
1780536440.763914 sending message 112 to peer 0x62597540de10 (10 bytes)
1780536440.763915 sending message 112 to peer 0x62597540de10 (10 bytes)
1780536440.763917 sending message 112 to peer 0x62597540de10 (11 bytes)
1780536440.763919 sending message 112 to peer 0x62597540de10 (12 bytes)
1780536440.763920 sending message 112 to peer 0x62597540de10 (12 bytes)
1780536440.763922 sending message 112 to peer 0x62597540de10 (12 bytes)
1780536440.763924 sending message 112 to peer 0x62597540de10 (12 bytes)
1780536440.763926 sending message 112 to peer 0x62597540de10 (12 bytes)
1780536440.763927 sending message 112 to peer 0x62597540de10 (11 bytes)
1780536440.763929 sending message 112 to peer 0x62597540de10 (11 bytes)
1780536440.763931 sending message 112 to peer 0x62597540de10 (12 bytes)
1780536440.763932 sending message 112 to peer 0x62597540de10 (12 bytes)
1780536440.763934 sending message 112 to peer 0x62597540de10 (12 bytes)
1780536440.763935 sending message 112 to peer 0x62597540de10 (12 bytes)
1780536440.763937 sending message 112 to peer 0x62597540de10 (12 bytes)
1780536440.763939 sending message 112 to peer 0x62597540de10 (9 bytes)
1780536440.763940 sending message 112 to peer 0x62597540de10 (12 bytes)
1780536440.763942 sending message 112 to peer 0x62597540de10 (13 bytes)
1780536440.763943 sending message 112 to peer 0x62597540de10 (13 bytes)
1780536440.763945 sending message 112 to peer 0x62597540de10 (13 bytes)
1780536440.763946 sending message 112 to peer 0x62597540de10 (13 bytes)
1780536440.763948 sending message 112 to peer 0x62597540de10 (13 bytes)
1780536440.763950 sending message 112 to peer 0x62597540de10 (8 bytes)
1780536440.763951 sending message 112 to peer 0x62597540de10 (11 bytes)
1780536440.763952 sending message 112 to peer 0x62597540de10 (11 bytes)
1780536440.763954 sending message 112 to peer 0x62597540de10 (11 bytes)
1780536440.763955 sending message 112 to peer 0x62597540de10 (12 bytes)
1780536440.763957 sending message 112 to peer 0x62597540de10 (12 bytes)
1780536440.763958 sending message 112 to peer 0x62597540de10 (12 bytes)
1780536440.763962 sending message 112 to peer 0x62597540de10 (12 bytes)
1780536440.763964 sending message 112 to peer 0x62597540de10 (13 bytes)
1780536440.763966 sending message 112 to peer 0x62597540de10 (13 bytes)
1780536440.763967 sending message 112 to peer 0x62597540de10 (13 bytes)
1780536440.763968 sending message 112 to peer 0x62597540de10 (8 bytes)
1780536440.763969 sending message 112 to peer 0x62597540de10 (13 bytes)
1780536440.763970 sending message 112 to peer 0x62597540de10 (13 bytes)
1780536440.763972 sending message 112 to peer 0x62597540de10 (13 bytes)
1780536440.763973 sending message 112 to peer 0x62597540de10 (13 bytes)
1780536440.763975 sending message 112 to peer 0x62597540de10 (13 bytes)
1780536440.763976 sending message 112 to peer 0x62597540de10 (12 bytes)
1780536440.763978 sending message 112 to peer 0x62597540de10 (12 bytes)
1780536440.763979 sending message 112 to peer 0x62597540de10 (12 bytes)
1780536440.763980 sending message 112 to peer 0x62597540de10 (12 bytes)
1780536440.763982 sending message 112 to peer 0x62597540de10 (13 bytes)
1780536440.763983 sending message 112 to peer 0x62597540de10 (8 bytes)
1780536440.763985 sending message 112 to peer 0x62597540de10 (13 bytes)
1780536440.763986 sending message 112 to peer 0x62597540de10 (13 bytes)
1780536440.763987 sending message 112 to peer 0x62597540de10 (13 bytes)
1780536440.763988 sending message 112 to peer 0x62597540de10 (13 bytes)
1780536440.763990 sending message 112 to peer 0x62597540de10 (13 bytes)
1780536440.763991 sending message 112 to peer 0x62597540de10 (13 bytes)
1780536440.763992 sending message 112 to peer 0x62597540de10 (13 bytes)
1780536440.763993 sending message 112 to peer 0x62597540de10 (12 bytes)
1780536440.763994 sending message 112 to peer 0x62597540de10 (12 bytes)
1780536440.763997 sending message 112 to peer 0x62597540de10 (12 bytes)
1780536440.763998 sending message 112 to peer 0x62597540de10 (8 bytes)
1780536440.763999 sending message 112 to peer 0x62597540de10 (12 bytes)
1780536440.764000 sending message 112 to peer 0x62597540de10 (13 bytes)
1780536440.764001 sending message 112 to peer 0x62597540de10 (13 bytes)
1780536440.764003 sending message 112 to peer 0x62597540de10 (13 bytes)
1780536440.764004 sending message 112 to peer 0x62597540de10 (13 bytes)
1780536440.764005 sending message 112 to peer 0x62597540de10 (13 bytes)
1780536440.764007 sending message 112 to peer 0x62597540de10 (13 bytes)
1780536440.764008 sending message 112 to peer 0x62597540de10 (13 bytes)
1780536440.764009 sending message 112 to peer 0x62597540de10 (13 bytes)
1780536440.764011 sending message 112 to peer 0x62597540de10 (12 bytes)
1780536440.764012 sending message 112 to peer 0x62597540de10 (10 bytes)
1780536440.764013 sending message 112 to peer 0x62597540de10 (12 bytes)
1780536440.764014 sending message 112 to peer 0x62597540de10 (12 bytes)
1780536440.764015 sending message 112 to peer 0x62597540de10 (12 bytes)
1780536440.764016 sending message 112 to peer 0x62597540de10 (13 bytes)
1780536440.764018 sending message 112 to peer 0x62597540de10 (13 bytes)
1780536440.764019 sending message 112 to peer 0x62597540de10 (13 bytes)
1780536440.764020 sending message 112 to peer 0x62597540de10 (13 bytes)
1780536440.764021 sending message 112 to peer 0x62597540de10 (13 bytes)
1780536440.764023 sending message 112 to peer 0x62597540de10 (13 bytes)
1780536440.764024 sending message 112 to peer 0x62597540de10 (13 bytes)
1780536440.764025 sending message 112 to peer 0x62597540de10 (10 bytes)
1780536440.764026 sending message 112 to peer 0x62597540de10 (13 bytes)
1780536440.764027 sending message 112 to peer 0x62597540de10 (12 bytes)
1780536440.764029 sending message 112 to peer 0x62597540de10 (12 bytes)
1780536440.764030 sending message 112 to peer 0x62597540de10 (12 bytes)
1780536440.764031 sending message 112 to peer 0x62597540de10 (10 bytes)
1780536440.764032 sending message 112 to peer 0x62597540de10 (10 bytes)
1780536440.764033 sending message 112 to peer 0x62597540de10 (10 bytes)
1780536440.764034 sending message 112 to peer 0x62597540de10 (12 bytes)
1780536440.764036 sending message 112 to peer 0x62597540de10 (13 bytes)
1780536440.764037 sending message 112 to peer 0x62597540de10 (13 bytes)
1780536440.764038 sending message 112 to peer 0x62597540de10 (13 bytes)
1780536440.764039 sending message 112 to peer 0x62597540de10 (13 bytes)
1780536440.764040 sending message 112 to peer 0x62597540de10 (13 bytes)
1780536440.764042 sending message 112 to peer 0x62597540de10 (10 bytes)
1780536440.764043 sending message 112 to peer 0x62597540de10 (11 bytes)
1780536440.764044 sending message 112 to peer 0x62597540de10 (12 bytes)
1780536440.764045 sending message 112 to peer 0x62597540de10 (12 bytes)
1780536440.764046 sending message 112 to peer 0x62597540de10 (12 bytes)
1780536440.764048 sending message 112 to peer 0x62597540de10 (12 bytes)
1780536440.764050 sending message 112 to peer 0x62597540de10 (12 bytes)
1780536440.764051 sending message 112 to peer 0x62597540de10 (11 bytes)
1780536440.764052 sending message 112 to peer 0x62597540de10 (12 bytes)
1780536440.764053 sending message 112 to peer 0x62597540de10 (12 bytes)
1780536440.764054 sending message 112 to peer 0x62597540de10 (13 bytes)
1780536440.764056 sending message 112 to peer 0x62597540de10 (13 bytes)
1780536440.764057 sending message 112 to peer 0x62597540de10 (13 bytes)
1780536440.764058 sending message 112 to peer 0x62597540de10 (13 bytes)
1780536440.764059 sending message 112 to peer 0x62597540de10 (13 bytes)
1780536440.764060 sending message 112 to peer 0x62597540de10 (10 bytes)
1780536440.764061 sending message 112 to peer 0x62597540de10 (9 bytes)
1780536440.764063 sending message 112 to peer 0x62597540de10 (12 bytes)
1780536440.764064 sending message 112 to peer 0x62597540de10 (13 bytes)
1780536440.764065 sending message 112 to peer 0x62597540de10 (13 bytes)
1780536440.764067 sending message 112 to peer 0x62597540de10 (13 bytes)
1780536440.764068 sending message 112 to peer 0x62597540de10 (13 bytes)
1780536440.764070 sending message 112 to peer 0x62597540de10 (13 bytes)
1780536440.764071 sending message 112 to peer 0x62597540de10 (9 bytes)
1780536440.764072 sending message 112 to peer 0x62597540de10 (12 bytes)
1780536440.764073 sending message 112 to peer 0x62597540de10 (13 bytes)
1780536440.764075 sending message 112 to peer 0x62597540de10 (13 bytes)
1780536440.764076 sending message 112 to peer 0x62597540de10 (13 bytes)
1780536440.764077 sending message 112 to peer 0x62597540de10 (13 bytes)
1780536440.764078 sending message 112 to peer 0x62597540de10 (13 bytes)
1780536440.764079 sending message 112 to peer 0x62597540de10 (11 bytes)
1780536440.764081 sending message 112 to peer 0x62597540de10 (12 bytes)
1780536440.764082 sending message 112 to peer 0x62597540de10 (13 bytes)
1780536440.764083 sending message 112 to peer 0x62597540de10 (13 bytes)
1780536440.764085 sending message 112 to peer 0x62597540de10 (13 bytes)
1780536440.764086 sending message 112 to peer 0x62597540de10 (13 bytes)
1780536440.764087 sending message 112 to peer 0x62597540de10 (13 bytes)
1780536440.764090 sending message 112 to peer 0x62597540de10 (11 bytes)
1780536440.764092 sending message 112 to peer 0x62597540de10 (12 bytes)
1780536440.764093 sending message 112 to peer 0x62597540de10 (12 bytes)
1780536440.764094 sending message 112 to peer 0x62597540de10 (12 bytes)
1780536440.764095 sending message 112 to peer 0x62597540de10 (12 bytes)
1780536440.764096 sending message 112 to peer 0x62597540de10 (12 bytes)
1780536440.764097 sending message 112 to peer 0x62597540de10 (21 bytes)
1780536440.764099 sending message 112 to peer 0x62597540de10 (12 bytes)
1780536440.764100 sending message 112 to peer 0x62597540de10 (9 bytes)
1780536440.764101 sending message 112 to peer 0x62597540de10 (6 bytes)
1780536440.764102 sending message 112 to peer 0x62597540de10 (13 bytes)
1780536440.764103 sending message 112 to peer 0x62597540de10 (10 bytes)
1780536440.764105 sending message 112 to peer 0x62597540de10 (24 bytes)
1780536440.764106 sending message 112 to peer 0x62597540de10 (13 bytes)
1780536440.764107 sending message 112 to peer 0x62597540de10 (9 bytes)
1780536440.764108 sending message 112 to peer 0x62597540de10 (70 bytes)
1780536440.764110 sending message 112 to peer 0x62597540de10 (69 bytes)
1780536440.764111 sending message 112 to peer 0x62597540de10 (12 bytes)
1780536440.764113 sending message 112 to peer 0x62597540de10 (10 bytes)
1780536440.764114 sending message 112 to peer 0x62597540de10 (10 bytes)
1780536440.764115 sending message 112 to peer 0x62597540de10 (24 bytes)
1780536440.764116 sending message 112 to peer 0x62597540de10 (13 bytes)
1780536440.764117 sending message 112 to peer 0x62597540de10 (10 bytes)
1780536440.764118 sending message 112 to peer 0x62597540de10 (10 bytes)
1780536440.764120 sending message 112 to peer 0x62597540de10 (10 bytes)
1780536440.764121 sending message 112 to peer 0x62597540de10 (13 bytes)
1780536440.764122 sending message 112 to peer 0x62597540de10 (15 bytes)
1780536440.764123 sending message 112 to peer 0x62597540de10 (5 bytes)
1780536440.764124 sending message 104 to peer 0x62597540de10 (0 bytes)
1780536440.764126 sending message 110 to peer 0x62597540de10 (0 bytes)
1780536440.764127 sending message 107 to peer 0x62597540de10 (4 bytes)
1780536440.764129 sending message 105 to peer 0x62597540de10 (16 bytes)
1780536440.764131 sending message 105 to peer 0x62597540de10 (20 bytes)
1780536440.764132 sending message 105 to peer 0x62597540de10 (168 bytes)
1780536440.764133 sending message 105 to peer 0x62597540de10 (62 bytes)
1780536440.764134 sending message 105 to peer 0x62597540de10 (24 bytes)
1780536440.764135 sending message 105 to peer 0x62597540de10 (29 bytes)
1780536440.764137 sending message 105 to peer 0x62597540de10 (44 bytes)
1780536440.764139 sending message 105 to peer 0x62597540de10 (7 bytes)
1780536440.764141 sending message 105 to peer 0x62597540de10 (15 bytes)
1780536440.764143 sending message 105 to peer 0x62597540de10 (29 bytes)
1780536440.764144 sending message 105 to peer 0x62597540de10 (27 bytes)
1780536440.764146 sending message 105 to peer 0x62597540de10 (21 bytes)
1780536440.764147 sending message 105 to peer 0x62597540de10 (98 bytes)
1780536440.764148 sending message 105 to peer 0x62597540de10 (22 bytes)
1780536440.764149 sending message 105 to peer 0x62597540de10 (18 bytes)
1780536440.764150 sending message 105 to peer 0x62597540de10 (33 bytes)
1780536440.764152 sending message 105 to peer 0x62597540de10 (22 bytes)
1780536440.764153 sending message 105 to peer 0x62597540de10 (115 bytes)
1780536440.764155 sending message 105 to peer 0x62597540de10 (57 bytes)
1780536440.764156 sending message 105 to peer 0x62597540de10 (43 bytes)
1780536440.764157 sending message 105 to peer 0x62597540de10 (12 bytes)
1780536440.764158 sending message 105 to peer 0x62597540de10 (57 bytes)
1780536440.764159 sending message 105 to peer 0x62597540de10 (15 bytes)
1780536440.764160 sending message 105 to peer 0x62597540de10 (37 bytes)
1780536440.764161 sending message 105 to peer 0x62597540de10 (116 bytes)
1780536440.764163 sending message 105 to peer 0x62597540de10 (116 bytes)
1780536440.764164 sending message 105 to peer 0x62597540de10 (54 bytes)
1780536440.764165 sending message 105 to peer 0x62597540de10 (18 bytes)
1780536440.764166 sending message 105 to peer 0x62597540de10 (35 bytes)
1780536440.764167 sending message 105 to peer 0x62597540de10 (13 bytes)
1780536440.764169 sending message 105 to peer 0x62597540de10 (35 bytes)
1780536440.764170 sending message 105 to peer 0x62597540de10 (47 bytes)
1780536440.764171 sending message 105 to peer 0x62597540de10 (21 bytes)
1780536440.764173 sending message 105 to peer 0x62597540de10 (1519 bytes)
1780536440.764182 sending message 105 to peer 0x62597540de10 (55 bytes)
1780536440.764184 sending message 105 to peer 0x62597540de10 (129 bytes)
1780536440.764185 sending message 105 to peer 0x62597540de10 (35 bytes)
1780536440.764186 sending message 105 to peer 0x62597540de10 (42 bytes)
1780536440.764187 sending message 105 to peer 0x62597540de10 (26 bytes)
1780536440.764189 sending message 105 to peer 0x62597540de10 (30 bytes)
1780536440.764190 sending message 105 to peer 0x62597540de10 (130 bytes)
1780536440.764191 sending message 105 to peer 0x62597540de10 (19 bytes)
1780536440.764192 sending message 105 to peer 0x62597540de10 (24 bytes)
1780536440.764193 sending message 105 to peer 0x62597540de10 (22 bytes)
1780536440.764194 sending message 105 to peer 0x62597540de10 (21 bytes)
1780536440.764195 sending message 105 to peer 0x62597540de10 (26 bytes)
1780536440.764196 sending message 105 to peer 0x62597540de10 (31 bytes)
1780536440.764197 sending message 105 to peer 0x62597540de10 (35 bytes)
1780536440.764199 sending message 105 to peer 0x62597540de10 (45 bytes)
1780536440.764200 sending message 105 to peer 0x62597540de10 (34 bytes)
1780536440.764201 sending message 105 to peer 0x62597540de10 (36 bytes)
1780536440.764202 sending message 105 to peer 0x62597540de10 (20 bytes)
1780536440.764203 sending message 105 to peer 0x62597540de10 (20 bytes)
1780536440.764204 sending message 105 to peer 0x62597540de10 (23 bytes)
1780536440.764205 sending message 105 to peer 0x62597540de10 (11 bytes)
1780536440.764206 sending message 105 to peer 0x62597540de10 (23 bytes)
1780536440.764207 sending message 105 to peer 0x62597540de10 (32 bytes)
1780536440.764208 sending message 105 to peer 0x62597540de10 (12 bytes)
1780536440.764210 sending message 105 to peer 0x62597540de10 (94 bytes)
1780536440.764211 sending message 105 to peer 0x62597540de10 (64 bytes)
1780536440.764212 sending message 105 to peer 0x62597540de10 (22 bytes)
1780536440.764213 sending message 105 to peer 0x62597540de10 (89 bytes)
1780536440.764214 sending message 105 to peer 0x62597540de10 (14 bytes)
1780536440.764215 sending message 105 to peer 0x62597540de10 (12 bytes)
1780536440.764216 sending message 105 to peer 0x62597540de10 (11 bytes)
1780536440.764217 sending message 105 to peer 0x62597540de10 (106 bytes)
1780536440.764219 sending message 105 to peer 0x62597540de10 (8 bytes)
1780536440.764220 sending message 105 to peer 0x62597540de10 (14 bytes)
1780536440.764222 sending message 105 to peer 0x62597540de10 (26 bytes)
1780536440.764223 sending message 105 to peer 0x62597540de10 (24 bytes)
1780536440.764224 sending message 105 to peer 0x62597540de10 (28 bytes)
1780536440.764225 sending message 105 to peer 0x62597540de10 (52 bytes)
1780536440.764226 sending message 105 to peer 0x62597540de10 (32 bytes)
1780536440.764227 sending message 105 to peer 0x62597540de10 (62 bytes)
1780536440.764228 sending message 105 to peer 0x62597540de10 (23 bytes)
1780536440.764229 sending message 105 to peer 0x62597540de10 (8 bytes)
1780536440.764230 sending message 105 to peer 0x62597540de10 (85 bytes)
1780536440.764232 sending message 105 to peer 0x62597540de10 (147 bytes)
1780536440.764233 sending message 105 to peer 0x62597540de10 (57 bytes)
1780536440.764234 sending message 105 to peer 0x62597540de10 (65 bytes)
1780536440.764235 sending message 105 to peer 0x62597540de10 (118 bytes)
1780536440.764236 sending message 105 to peer 0x62597540de10 (1165 bytes)
1780536440.764239 sending message 105 to peer 0x62597540de10 (59 bytes)
1780536440.764240 sending message 105 to peer 0x62597540de10 (42 bytes)
1780536440.764241 sending message 105 to peer 0x62597540de10 (54 bytes)
1780536440.764242 sending message 105 to peer 0x62597540de10 (94 bytes)
1780536440.764243 sending message 105 to peer 0x62597540de10 (53 bytes)
1780536440.764244 sending message 105 to peer 0x62597540de10 (16 bytes)
1780536440.764245 sending message 105 to peer 0x62597540de10 (40 bytes)
1780536440.764246 sending message 105 to peer 0x62597540de10 (23 bytes)
1780536440.764247 sending message 105 to peer 0x62597540de10 (20 bytes)
1780536440.764248 sending message 105 to peer 0x62597540de10 (88 bytes)
1780536440.764250 sending message 105 to peer 0x62597540de10 (16 bytes)
1780536440.764251 sending message 106 to peer 0x62597540de10 (0 bytes)
1780536440.764253 sending message 200 to peer 0x62597540de10 (4 bytes)
1780536440.764254 client loop enter
1780536440.764272 client_signal: Child exited
1780536440.788631 peer 0x62597540de10 message 207
1780536440.788659 sending message 208 to peer 0x62597540de10 (0 bytes)
1780536453.755284 client_signal: Window changed
1780536453.755323 sending message 208 to peer 0x62597540de10 (0 bytes)
1780536453.755520 client_signal: Window changed
1780536453.755525 sending message 208 to peer 0x62597540de10 (0 bytes)
1780536453.755674 client_signal: Window changed
1780536453.755683 sending message 208 to peer 0x62597540de10 (0 bytes)
1780536474.982429 peer 0x62597540de10 message 201
1780536474.982455 sending message 205 to peer 0x62597540de10 (0 bytes)
1780536474.982732 peer 0x62597540de10 message 204
1780536474.982757 client loop exit
